

================================================================
== Vivado HLS Report for 'dut_knn'
================================================================
* Date:           Mon Dec 12 14:59:35 2016

* Version:        2016.2 (Build 1577090 on Thu Jun 02 16:59:10 MDT 2016)
* Project:        mfcc.prj
* Solution:       solution1
* Product family: zynq
* Target device:  xc7z020clg484-1


================================================================
== Performance Estimates
================================================================
+ Timing (ns): 
    * Summary: 
    +--------+-------+----------+------------+
    |  Clock | Target| Estimated| Uncertainty|
    +--------+-------+----------+------------+
    |ap_clk  |  10.00|      8.58|        1.25|
    +--------+-------+----------+------------+

+ Latency (clock cycles): 
    * Summary: 
    +--------+--------+--------+--------+---------+
    |     Latency     |     Interval    | Pipeline|
    |   min  |   max  |   min  |   max  |   Type  |
    +--------+--------+--------+--------+---------+
    |  276891|  277171|  276891|  277171|   none  |
    +--------+--------+--------+--------+---------+

    + Detail: 
        * Instance: 
        N/A

        * Loop: 
        +-----------------+--------+--------+-------------+-----------+-----------+------+----------+
        |                 |     Latency     |  Iteration  |  Initiation Interval  | Trip |          |
        |    Loop Name    |   min  |   max  |   Latency   |  achieved |   target  | Count| Pipelined|
        +-----------------+--------+--------+-------------+-----------+-----------+------+----------+
        |- Loop 1         |      20|      20|            1|          -|          -|    20|    no    |
        |- Loop 2         |      14|      14|            1|          -|          -|    14|    no    |
        |- Loop 3         |  124152|  124152|         8868|          -|          -|    14|    no    |
        | + Loop 3.1      |    8860|    8860|          443|          -|          -|    20|    no    |
        |  ++ Loop 3.1.1  |     441|     441|            9|          -|          -|    49|    no    |
        |- Loop 4         |   28040|   28040|         1402|          -|          -|    20|    no    |
        | + Loop 4.1      |    1400|    1400|          100|          -|          -|    14|    no    |
        |  ++ Loop 4.1.1  |      98|      98|            2|          -|          -|    49|    no    |
        |- Loop 5         |  124660|  124940| 6233 ~ 6247 |          -|          -|    20|    no    |
        | + Loop 5.1      |    6230|    6244|  445 ~ 446  |          -|          -|    14|    no    |
        |  ++ Loop 5.1.1  |     441|     441|            9|          -|          -|    49|    no    |
        +-----------------+--------+--------+-------------+-----------+-----------+------+----------+



================================================================
== Utilization Estimates
================================================================
* Summary: 
+-----------------+---------+-------+--------+-------+
|       Name      | BRAM_18K| DSP48E|   FF   |  LUT  |
+-----------------+---------+-------+--------+-------+
|DSP              |        -|      -|       -|      -|
|Expression       |        -|      -|       0|    982|
|FIFO             |        -|      -|       -|      -|
|Instance         |        -|      2|     951|   1737|
|Memory           |       70|      -|     192|     27|
|Multiplexer      |        -|      -|       -|    514|
|Register         |        -|      -|     798|      -|
+-----------------+---------+-------+--------+-------+
|Total            |       70|      2|    1941|   3260|
+-----------------+---------+-------+--------+-------+
|Available        |      280|    220|  106400|  53200|
+-----------------+---------+-------+--------+-------+
|Utilization (%)  |       25|   ~0  |       1|      6|
+-----------------+---------+-------+--------+-------+

+ Detail: 
    * Instance: 
    +-------------------------------------+----------------------------------+---------+-------+-----+-----+
    |               Instance              |              Module              | BRAM_18K| DSP48E|  FF | LUT |
    +-------------------------------------+----------------------------------+---------+-------+-----+-----+
    |dut_fcmp_32ns_32ns_1_1_U4            |dut_fcmp_32ns_32ns_1_1            |        0|      0|   66|  239|
    |dut_fsub_32ns_32ns_32_5_full_dsp_U1  |dut_fsub_32ns_32ns_32_5_full_dsp  |        0|      2|  205|  390|
    |dut_sitofp_32ns_32_6_U3              |dut_sitofp_32ns_32_6              |        0|      0|  340|  554|
    |dut_uitofp_32ns_32_6_U2              |dut_uitofp_32ns_32_6              |        0|      0|  340|  554|
    +-------------------------------------+----------------------------------+---------+-------+-----+-----+
    |Total                                |                                  |        0|      2|  951| 1737|
    +-------------------------------------+----------------------------------+---------+-------+-----+-----+

    * DSP48: 
    N/A

    * Memory: 
    +---------------------+---------------------------+---------+----+----+-------+-----+------+-------------+
    |        Memory       |           Module          | BRAM_18K| FF | LUT| Words | Bits| Banks| W*Bits*Banks|
    +---------------------+---------------------------+---------+----+----+-------+-----+------+-------------+
    |distance_U           |dut_knn_distance           |        0|  64|   7|     14|   32|     1|          448|
    |min_distance_U       |dut_knn_min_distance       |        0|  64|  10|     20|   32|     1|          640|
    |group_U              |dut_knn_min_distance       |        0|  64|  10|     20|   32|     1|          640|
    |training_data2_U     |dut_knn_training_data2     |       32|   0|   0|  13734|   32|     1|       439488|
    |training_data_V_U    |dut_knn_training_data_V    |        6|   0|   0|  14000|    6|     1|        84000|
    |training_instance_U  |dut_knn_training_instance  |       32|   0|   0|  13720|   32|     1|       439040|
    +---------------------+---------------------------+---------+----+----+-------+-----+------+-------------+
    |Total                |                           |       70| 192|  27|  41508|  166|     6|       964256|
    +---------------------+---------------------------+---------+----+----+-------+-----+------+-------------+

    * FIFO: 
    N/A

    * Expression: 
    +-------------------------+----------+-------+---+-----+------------+------------+
    |      Variable Name      | Operation| DSP48E| FF| LUT | Bitwidth P0| Bitwidth P1|
    +-------------------------+----------+-------+---+-----+------------+------------+
    |group_one_2_fu_1179_p2   |     +    |      0|  0|   32|          32|           1|
    |group_zero_2_fu_1173_p2  |     +    |      0|  0|   32|          32|           1|
    |i_1_fu_567_p2            |     +    |      0|  0|    5|           5|           1|
    |i_2_fu_585_p2            |     +    |      0|  0|    4|           4|           1|
    |i_3_fu_750_p2            |     +    |      0|  0|    5|           5|           1|
    |i_4_fu_653_p2            |     +    |      0|  0|    5|           5|           1|
    |i_5_fu_847_p2            |     +    |      0|  0|    5|           5|           1|
    |j_2_fu_620_p2            |     +    |      0|  0|    4|           4|           1|
    |j_3_fu_772_p2            |     +    |      0|  0|    4|           4|           1|
    |j_4_fu_887_p2            |     +    |      0|  0|    4|           4|           1|
    |k_2_fu_684_p2            |     +    |      0|  0|    6|           6|           1|
    |k_3_fu_784_p2            |     +    |      0|  0|    6|           6|           1|
    |k_4_fu_915_p2            |     +    |      0|  0|    6|           6|           1|
    |next_mul10_fu_790_p2     |     +    |      0|  0|   10|          10|          10|
    |next_mul11_fu_810_p2     |     +    |      0|  0|   10|          10|          10|
    |next_mul12_fu_936_p2     |     +    |      0|  0|   10|          10|          10|
    |next_mul1_fu_734_p2      |     +    |      0|  0|   14|          14|          10|
    |next_mul2_fu_637_p2      |     +    |      0|  0|   10|          10|           6|
    |next_mul3_fu_829_p2      |     +    |      0|  0|   14|          14|          10|
    |next_mul4_fu_608_p2      |     +    |      0|  0|    9|           9|           5|
    |next_mul5_fu_835_p2      |     +    |      0|  0|   10|          10|           6|
    |next_mul6_fu_602_p2      |     +    |      0|  0|   14|          14|          10|
    |next_mul7_fu_756_p2      |     +    |      0|  0|   14|          14|          10|
    |next_mul8_fu_596_p2      |     +    |      0|  0|   14|          14|          10|
    |next_mul9_fu_871_p2      |     +    |      0|  0|   14|          14|          10|
    |next_mul_fu_711_p2       |     +    |      0|  0|   10|          10|          10|
    |sh_assign_fu_1069_p2     |     +    |      0|  0|    9|           8|           9|
    |tmp1_fu_690_p2           |     +    |      0|  0|   10|          10|          10|
    |tmp_14_fu_626_p2         |     +    |      0|  0|   14|          14|          10|
    |tmp_18_fu_799_p2         |     +    |      0|  0|   14|          14|          14|
    |tmp_19_fu_819_p2         |     +    |      0|  0|   14|          14|          14|
    |tmp_20_fu_700_p2         |     +    |      0|  0|   14|          14|          14|
    |tmp_24_fu_720_p2         |     +    |      0|  0|   14|          14|          14|
    |tmp_27_fu_898_p2         |     +    |      0|  0|   14|          14|          10|
    |tmp_29_fu_925_p2         |     +    |      0|  0|   10|          10|          10|
    |tmp_30_fu_945_p2         |     +    |      0|  0|   14|          14|          14|
    |tmp_33_fu_1014_p2        |     +    |      0|  0|   32|          32|           1|
    |p_Val2_7_i_i_fu_1155_p2  |     -    |      0|  0|   32|           1|          32|
    |tmp_45_i_i_fu_1083_p2    |     -    |      0|  0|    8|           7|           8|
    |tmp_6_fu_1008_p2         |    and   |      0|  0|    1|           1|           1|
    |exitcond10_fu_561_p2     |   icmp   |      0|  0|    2|           5|           5|
    |exitcond1_fu_881_p2      |   icmp   |      0|  0|    2|           4|           3|
    |exitcond2_fu_841_p2      |   icmp   |      0|  0|    2|           5|           5|
    |exitcond3_fu_778_p2      |   icmp   |      0|  0|    3|           6|           5|
    |exitcond4_fu_766_p2      |   icmp   |      0|  0|    2|           4|           3|
    |exitcond5_fu_744_p2      |   icmp   |      0|  0|    2|           5|           5|
    |exitcond6_fu_678_p2      |   icmp   |      0|  0|    3|           6|           5|
    |exitcond7_fu_647_p2      |   icmp   |      0|  0|    2|           5|           5|
    |exitcond8_fu_614_p2      |   icmp   |      0|  0|    2|           4|           3|
    |exitcond9_fu_579_p2      |   icmp   |      0|  0|    2|           4|           3|
    |exitcond_fu_909_p2       |   icmp   |      0|  0|    3|           6|           5|
    |notlhs_fu_990_p2         |   icmp   |      0|  0|    3|           8|           2|
    |notrhs_fu_996_p2         |   icmp   |      0|  0|    8|          23|           1|
    |slt_fu_859_p2            |   icmp   |      0|  0|   11|          32|          32|
    |tmp_25_fu_1167_p2        |   icmp   |      0|  0|   11|          32|           1|
    |tmp_28_fu_1021_p2        |   icmp   |      0|  0|   11|          32|          32|
    |tmp_47_i_i_fu_1113_p2    |   lshr   |      0|  0|   63|          24|          24|
    |tmp_4_fu_1002_p2         |    or    |      0|  0|    1|           1|           1|
    |group_one_1_fu_1193_p3   |  select  |      0|  0|   32|           1|          32|
    |group_zero_1_fu_1185_p3  |  select  |      0|  0|   32|           1|          32|
    |p_Val2_4_fu_1147_p3      |  select  |      0|  0|   32|           1|          32|
    |p_Val2_6_fu_1160_p3      |  select  |      0|  0|   32|           1|          32|
    |sh_assign_1_fu_1093_p3   |  select  |      0|  0|    9|           1|           9|
    |tmp_49_i_i_fu_1119_p2    |    shl   |      0|  0|  239|          78|          78|
    |rev_fu_865_p2            |    xor   |      0|  0|    2|           1|           2|
    +-------------------------+----------+-------+---+-----+------------+------------+
    |Total                    |          |      0|  0|  982|         728|         648|
    +-------------------------+----------+-------+---+-----+------------+------------+

    * Multiplexer: 
    +----------------------------+----+-----------+-----+-----------+
    |            Name            | LUT| Input Size| Bits| Total Bits|
    +----------------------------+----+-----------+-----+-----------+
    |ap_NS_fsm                   |  72|         40|    1|         40|
    |ap_return                   |   1|          2|    1|          2|
    |distance_address0           |   4|          3|    4|         12|
    |distance_d0                 |  32|          3|   32|         96|
    |group_address0              |   5|          3|    5|         15|
    |group_d0                    |  32|          3|   32|         96|
    |group_one_reg_455           |  32|          2|   32|         64|
    |group_zero_reg_443          |  32|          2|   32|         64|
    |i1_reg_261                  |   4|          2|    4|          8|
    |i2_reg_319                  |   5|          2|    5|         10|
    |i3_reg_364                  |   5|          2|    5|         10|
    |i6_reg_467                  |   5|          2|    5|         10|
    |i_reg_250                   |   5|          2|    5|         10|
    |j4_reg_387                  |   4|          2|    4|          8|
    |j7_reg_502                  |   4|          2|    4|          8|
    |j_reg_272                   |   4|          2|    4|          8|
    |k5_reg_410                  |   6|          2|    6|         12|
    |k8_reg_524                  |   6|          2|    6|         12|
    |k_reg_342                   |   6|          2|    6|         12|
    |min_distance_address0       |   5|          3|    5|         15|
    |min_distance_d0             |  32|          3|   32|         96|
    |phi_mul10_reg_432           |  10|          2|   10|         20|
    |phi_mul11_reg_513           |  14|          2|   14|         28|
    |phi_mul12_reg_535           |  10|          2|   10|         20|
    |phi_mul1_reg_330            |  10|          2|   10|         20|
    |phi_mul2_reg_375            |  14|          2|   14|         28|
    |phi_mul3_reg_283            |   9|          2|    9|         18|
    |phi_mul4_reg_478            |  10|          2|   10|         20|
    |phi_mul5_reg_295            |  14|          2|   14|         28|
    |phi_mul6_reg_490            |  14|          2|   14|         28|
    |phi_mul7_reg_307            |  14|          2|   14|         28|
    |phi_mul8_reg_398            |  14|          2|   14|         28|
    |phi_mul9_reg_421            |  10|          2|   10|         20|
    |phi_mul_reg_353             |  10|          2|   10|         20|
    |training_data2_address0     |  14|          5|   14|         70|
    |training_data2_d0           |  32|          3|   32|         96|
    |training_instance_address0  |  14|          3|   14|         42|
    +----------------------------+----+-----------+-----+-----------+
    |Total                       | 514|        123|  443|       1122|
    +----------------------------+----+-----------+-----+-----------+

    * Register: 
    +---------------------------------+----+----+-----+-----------+
    |               Name              | FF | LUT| Bits| Const Bits|
    +---------------------------------+----+----+-----+-----------+
    |ap_CS_fsm                        |  39|   0|   39|          0|
    |ap_return_preg                   |   1|   0|    1|          0|
    |distance_addr_1_reg_1426         |   4|   0|    4|          0|
    |group_addr_1_reg_1398            |   5|   0|    5|          0|
    |group_one_reg_455                |  32|   0|   32|          0|
    |group_zero_reg_443               |  32|   0|   32|          0|
    |i1_reg_261                       |   4|   0|    4|          0|
    |i2_cast_cast_reg_1250            |   5|   0|   10|          5|
    |i2_reg_319                       |   5|   0|    5|          0|
    |i3_cast_cast_reg_1316            |   5|   0|   10|          5|
    |i3_reg_364                       |   5|   0|    5|          0|
    |i6_reg_467                       |   5|   0|    5|          0|
    |i_3_reg_1324                     |   5|   0|    5|          0|
    |i_4_reg_1258                     |   5|   0|    5|          0|
    |i_5_reg_1388                     |   5|   0|    5|          0|
    |i_reg_250                        |   5|   0|    5|          0|
    |input_load_reg_1454              |  32|   0|   32|          0|
    |j4_cast_reg_1334                 |   4|   0|   10|          6|
    |j4_reg_387                       |   4|   0|    4|          0|
    |j7_cast6_reg_1408                |   4|   0|   10|          6|
    |j7_reg_502                       |   4|   0|    4|          0|
    |j_2_reg_1235                     |   4|   0|    4|          0|
    |j_3_reg_1342                     |   4|   0|    4|          0|
    |j_4_reg_1416                     |   4|   0|    4|          0|
    |j_reg_272                        |   4|   0|    4|          0|
    |k5_reg_410                       |   6|   0|    6|          0|
    |k8_reg_524                       |   6|   0|    6|          0|
    |k_2_reg_1271                     |   6|   0|    6|          0|
    |k_3_reg_1350                     |   6|   0|    6|          0|
    |k_4_reg_1434                     |   6|   0|    6|          0|
    |k_reg_342                        |   6|   0|    6|          0|
    |min_distance_addr_1_reg_1393     |   5|   0|    5|          0|
    |next_mul10_reg_1355              |  10|   0|   10|          0|
    |next_mul11_reg_1365              |  10|   0|   10|          0|
    |next_mul12_reg_1444              |  10|   0|   10|          0|
    |next_mul1_reg_1311               |  14|   0|   14|          0|
    |next_mul2_reg_1245               |  10|   0|   10|          0|
    |next_mul3_reg_1375               |  14|   0|   14|          0|
    |next_mul4_reg_1227               |   9|   0|    9|          0|
    |next_mul5_reg_1380               |  10|   0|   10|          0|
    |next_mul6_reg_1222               |  14|   0|   14|          0|
    |next_mul7_reg_1329               |  14|   0|   14|          0|
    |next_mul8_reg_1217               |  14|   0|   14|          0|
    |next_mul9_reg_1403               |  14|   0|   14|          0|
    |next_mul_reg_1281                |  10|   0|   10|          0|
    |p_Result_1_reg_1477              |   1|   0|    1|          0|
    |p_Val2_4_reg_1482                |  32|   0|   32|          0|
    |phi_mul10_reg_432                |  10|   0|   10|          0|
    |phi_mul11_reg_513                |  14|   0|   14|          0|
    |phi_mul12_reg_535                |  10|   0|   10|          0|
    |phi_mul1_reg_330                 |  10|   0|   10|          0|
    |phi_mul2_reg_375                 |  14|   0|   14|          0|
    |phi_mul3_reg_283                 |   9|   0|    9|          0|
    |phi_mul4_reg_478                 |  10|   0|   10|          0|
    |phi_mul5_reg_295                 |  14|   0|   14|          0|
    |phi_mul6_reg_490                 |  14|   0|   14|          0|
    |phi_mul7_reg_307                 |  14|   0|   14|          0|
    |phi_mul8_reg_398                 |  14|   0|   14|          0|
    |phi_mul9_reg_421                 |  10|   0|   10|          0|
    |phi_mul_reg_353                  |  10|   0|   10|          0|
    |tmp_17_reg_1306                  |  32|   0|   32|          0|
    |tmp_19_reg_1370                  |  14|   0|   14|          0|
    |tmp_23_reg_1301                  |  32|   0|   32|          0|
    |tmp_24_reg_1286                  |  14|   0|   14|          0|
    |tmp_28_reg_1473                  |   1|   0|    1|          0|
    |tmp_6_reg_1469                   |   1|   0|    1|          0|
    |training_data2_addr_3_reg_1421   |  14|   0|   14|          0|
    |training_data2_addr_reg_1240     |  14|   0|   14|          0|
    |training_data_V_load_reg_1291    |   6|   0|    6|          0|
    |training_instance_load_reg_1459  |  32|   0|   32|          0|
    |x_assign_reg_1464                |  32|   0|   32|          0|
    +---------------------------------+----+----+-----+-----------+
    |Total                            | 798|   0|  820|         22|
    +---------------------------------+----+----+-----+-----------+



================================================================
== Interface
================================================================
* Summary: 
+------------------+-----+-----+------------+--------------+--------------+
|     RTL Ports    | Dir | Bits|  Protocol  | Source Object|    C Type    |
+------------------+-----+-----+------------+--------------+--------------+
|ap_clk            |  in |    1| ap_ctrl_hs |    dut_knn   | return value |
|ap_rst            |  in |    1| ap_ctrl_hs |    dut_knn   | return value |
|ap_start          |  in |    1| ap_ctrl_hs |    dut_knn   | return value |
|ap_done           | out |    1| ap_ctrl_hs |    dut_knn   | return value |
|ap_idle           | out |    1| ap_ctrl_hs |    dut_knn   | return value |
|ap_ready          | out |    1| ap_ctrl_hs |    dut_knn   | return value |
|ap_return         | out |    1| ap_ctrl_hs |    dut_knn   | return value |
|input_r_address0  | out |   10|  ap_memory |    input_r   |     array    |
|input_r_ce0       | out |    1|  ap_memory |    input_r   |     array    |
|input_r_q0        |  in |   32|  ap_memory |    input_r   |     array    |
+------------------+-----+-----+------------+--------------+--------------+

