

================================================================
== Vivado HLS Report for 'dut_sinf_or_cosf'
================================================================
* Date:           Sun Dec 11 21:30:31 2016

* Version:        2016.2 (Build 1577090 on Thu Jun 02 16:59:10 MDT 2016)
* Project:        mfcc.prj
* Solution:       solution1
* Product family: zynq
* Target device:  xc7z020clg484-1


================================================================
== Performance Estimates
================================================================
+ Timing (ns): 
    * Summary: 
    +--------+-------+----------+------------+
    |  Clock | Target| Estimated| Uncertainty|
    +--------+-------+----------+------------+
    |ap_clk  |  10.00|      8.64|        1.25|
    +--------+-------+----------+------------+

+ Latency (clock cycles): 
    * Summary: 
    +-----+-----+-----+-----+---------+
    |  Latency  |  Interval | Pipeline|
    | min | max | min | max |   Type  |
    +-----+-----+-----+-----+---------+
    |   66|   70|   66|   70|   none  |
    +-----+-----+-----+-----+---------+

    + Detail: 
        * Instance: 
        +--------------------------------------------+---------------------------------+-----+-----+-----+-----+---------+
        |                                            |                                 |  Latency  |  Interval | Pipeline|
        |                  Instance                  |              Module             | min | max | min | max |   Type  |
        +--------------------------------------------+---------------------------------+-----+-----+-----+-----+---------+
        |grp_dut_big_mult_v3small_71_24_17_s_fu_309  |dut_big_mult_v3small_71_24_17_s  |   46|   46|   46|   46|   none  |
        |grp_dut_my_to_float_31_1_s_fu_315           |dut_my_to_float_31_1_s           |    6|   10|    6|   10|   none  |
        +--------------------------------------------+---------------------------------+-----+-----+-----+-----+---------+

        * Loop: 
        N/A



================================================================
== Utilization Estimates
================================================================
* Summary: 
+-----------------+---------+-------+--------+-------+
|       Name      | BRAM_18K| DSP48E|   FF   |  LUT  |
+-----------------+---------+-------+--------+-------+
|DSP              |        -|      2|       -|      -|
|Expression       |        -|      1|       0|   1095|
|FIFO             |        -|      -|       -|      -|
|Instance         |        0|      7|     848|   3371|
|Memory           |        -|      -|     168|    490|
|Multiplexer      |        -|      -|       -|     43|
|Register         |        -|      -|     546|      -|
+-----------------+---------+-------+--------+-------+
|Total            |        0|     10|    1562|   4999|
+-----------------+---------+-------+--------+-------+
|Available        |      280|    220|  106400|  53200|
+-----------------+---------+-------+--------+-------+
|Utilization (%)  |        0|      4|       1|      9|
+-----------------+---------+-------+--------+-------+

+ Detail: 
    * Instance: 
    +--------------------------------------------+---------------------------------+---------+-------+-----+------+
    |                  Instance                  |              Module             | BRAM_18K| DSP48E|  FF |  LUT |
    +--------------------------------------------+---------------------------------+---------+-------+-----+------+
    |grp_dut_big_mult_v3small_71_24_17_s_fu_309  |dut_big_mult_v3small_71_24_17_s  |        0|      3|  489|  2599|
    |dut_mul_32s_31ns_62_6_U7                    |dut_mul_32s_31ns_62_6            |        0|      4|    0|     0|
    |grp_dut_my_to_float_31_1_s_fu_315           |dut_my_to_float_31_1_s           |        0|      0|  359|   772|
    +--------------------------------------------+---------------------------------+---------+-------+-----+------+
    |Total                                       |                                 |        0|      7|  848|  3371|
    +--------------------------------------------+---------------------------------+---------+-------+-----+------+

    * DSP48: 
    +------------------------------+---------------------------+-----------+
    |           Instance           |           Module          | Expression|
    +------------------------------+---------------------------+-----------+
    |dut_mul_mul_17ns_15s_32_1_U8  |dut_mul_mul_17ns_15s_32_1  |  i0 * i1  |
    |dut_mul_mul_23s_17ns_40_1_U9  |dut_mul_mul_23s_17ns_40_1  |  i0 * i1  |
    +------------------------------+---------------------------+-----------+

    * Memory: 
    +----------------------------+-------------------------------------------+---------+-----+-----+------+-----+------+-------------+
    |           Memory           |                   Module                  | BRAM_18K|  FF | LUT | Words| Bits| Banks| W*Bits*Banks|
    +----------------------------+-------------------------------------------+---------+-----+-----+------+-----+------+-------------+
    |hls_ref_4oPi_table_100_V_U  |dut_sinf_or_cosf_hls_ref_4oPi_table_100_V  |        0|  100|  150|    13|  100|     1|         1300|
    |hls_sin_cos_K0_V_U          |dut_sinf_or_cosf_hls_sin_cos_K0_V          |        0|   30|  150|   256|   30|     1|         7680|
    |hls_sin_cos_K1_V_U          |dut_sinf_or_cosf_hls_sin_cos_K1_V          |        0|   23|  115|   256|   23|     1|         5888|
    |hls_sin_cos_K2_V_U          |dut_sinf_or_cosf_hls_sin_cos_K2_V          |        0|   15|   75|   256|   15|     1|         3840|
    +----------------------------+-------------------------------------------+---------+-----+-----+------+-----+------+-------------+
    |Total                       |                                           |        0|  168|  490|   781|  168|     4|        18708|
    +----------------------------+-------------------------------------------+---------+-----+-----+------+-----+------+-------------+

    * FIFO: 
    N/A

    * Expression: 
    +------------------------------+----------+-------+---+-----+------------+------------+
    |         Variable Name        | Operation| DSP48E| FF| LUT | Bitwidth P0| Bitwidth P1|
    +------------------------------+----------+-------+---+-----+------------+------------+
    |p_Val2_4_fu_751_p2            |     *    |      1|  0|    0|           9|           9|
    |grp_fu_321_p2                 |     +    |      0|  0|    3|           3|           2|
    |k_V_off1_fu_891_p2            |     +    |      0|  0|    3|           2|           3|
    |k_V_off2_fu_912_p2            |     +    |      0|  0|    3|           3|           3|
    |p_Val2_31_fu_587_p2           |     +    |      0|  0|   31|          31|          31|
    |p_Val2_9_fu_811_p2            |     +    |      0|  0|   16|          32|          32|
    |p_i_fu_490_p2                 |     +    |      0|  0|    8|           8|           8|
    |p_op_i_fu_374_p2              |     +    |      0|  0|    8|           7|           8|
    |r_V_fu_820_p2                 |     +    |      0|  0|   16|          32|          32|
    |Ex_V_fu_570_p2                |     -    |      0|  0|    8|           8|           8|
    |p_Val2_i_fu_466_p2            |     -    |      0|  0|   49|           1|          49|
    |r_V_1_fu_866_p2               |     -    |      0|  0|    9|           1|           9|
    |tmp_66_i_fu_595_p2            |     -    |      0|  0|    9|           1|           9|
    |or_cond_fu_955_p2             |    and   |      0|  0|    1|           1|           1|
    |sel_tmp3_fu_705_p2            |    and   |      0|  0|    1|           1|           1|
    |sel_tmp6_demorgan_fu_982_p2   |    and   |      0|  0|    1|           1|           1|
    |sel_tmp7_fu_994_p2            |    and   |      0|  0|    1|           1|           1|
    |tmp7_fu_699_p2                |    and   |      0|  0|    1|           1|           1|
    |val_assign_fu_527_p3          |   cttz   |      0|  0|   48|          32|           0|
    |closepath_fu_368_p2           |   icmp   |      0|  0|    3|           8|           7|
    |grp_fu_336_p2                 |   icmp   |      0|  0|    1|           2|           1|
    |icmp5_fu_927_p2               |   icmp   |      0|  0|    1|           2|           1|
    |icmp_fu_906_p2                |   icmp   |      0|  0|    1|           2|           1|
    |not_sel_tmp1_fu_694_p2        |   icmp   |      0|  0|    2|           3|           4|
    |not_sel_tmp_fu_689_p2         |   icmp   |      0|  0|    2|           3|           2|
    |sel_tmp1_fu_678_p2            |   icmp   |      0|  0|    2|           3|           2|
    |sel_tmp4_fu_711_p2            |   icmp   |      0|  0|    2|           3|           3|
    |sel_tmp5_fu_716_p2            |   icmp   |      0|  0|    2|           3|           3|
    |sel_tmp_fu_673_p2             |   icmp   |      0|  0|    2|           3|           1|
    |tmp_8_fu_945_p2               |   icmp   |      0|  0|    3|           8|           1|
    |tmp_9_fu_950_p2               |   icmp   |      0|  0|    8|          23|           1|
    |tmp_i_fu_961_p2               |   icmp   |      0|  0|    3|           8|           2|
    |tmp_68_i_fu_620_p2            |   lshr   |      0|  0|   85|          31|          31|
    |or_cond1_fu_933_p2            |    or    |      0|  0|    1|           1|           1|
    |p_Result_12_fu_939_p2         |    or    |      0|  0|    1|           1|           1|
    |sel_tmp2_fu_683_p2            |    or    |      0|  0|    1|           1|           1|
    |sin_basis_fu_727_p2           |    or    |      0|  0|    1|           1|           1|
    |tmp8_fu_721_p2                |    or    |      0|  0|    1|           1|           1|
    |tmp_10_fu_1008_p2             |    or    |      0|  0|    1|           1|           1|
    |Ex_V_ret_s_fu_845_p3          |  select  |      0|  0|    8|           1|           8|
    |Mx_V_ret_s_fu_826_p3          |  select  |      0|  0|   31|           1|          31|
    |addr_V_fu_380_p3              |  select  |      0|  0|    8|           1|           6|
    |p_Val2_0_i234_in_i_fu_636_p3  |  select  |      0|  0|   32|           1|          32|
    |p_Val2_18_fu_472_p3           |  select  |      0|  0|   49|           1|          49|
    |p_Val2_30_fu_455_p3           |  select  |      0|  0|    3|           1|           1|
    |p_s_fu_1014_p3                |  select  |      0|  0|   32|           1|          32|
    |sel_tmp8_fu_1000_p3           |  select  |      0|  0|   31|           1|          31|
    |sh_assign_fu_601_p3           |  select  |      0|  0|    9|           1|           9|
    |storemerge_i_fu_495_p3        |  select  |      0|  0|    8|           1|           8|
    |p_Val2_22_fu_543_p2           |    shl   |      0|  0|  144|          49|          49|
    |r_V_3_fu_418_p2               |    shl   |      0|  0|  311|         100|         100|
    |tmp_70_i_fu_630_p2            |    shl   |      0|  0|   88|          32|          32|
    |sel_tmp6_fu_988_p2            |    xor   |      0|  0|    2|           1|           2|
    +------------------------------+----------+-------+---+-----+------------+------------+
    |Total                         |          |      1|  0| 1095|         475|         664|
    +------------------------------+----------+-------+---+-----+------------+------------+

    * Multiplexer: 
    +----------------------+----+-----------+-----+-----------+
    |         Name         | LUT| Input Size| Bits| Total Bits|
    +----------------------+----+-----------+-----+-----------+
    |ap_NS_fsm             |  10|         16|    1|         16|
    |ap_return             |  32|          2|   32|         64|
    |tmp_7_phi_fu_253_p36  |   1|          3|    1|          3|
    +----------------------+----+-----------+-----+-----------+
    |Total                 |  43|         21|   34|         83|
    +----------------------+----+-----------+-----+-----------+

    * Register: 
    +------------------------------------------------------------+----+----+-----+-----------+
    |                            Name                            | FF | LUT| Bits| Const Bits|
    +------------------------------------------------------------+----+----+-----+-----------+
    |Ex_V_reg_1114                                               |   8|   0|    8|          0|
    |Med_V_reg_1075                                              |  71|   0|   71|          0|
    |ap_CS_fsm                                                   |  15|   0|   15|          0|
    |ap_reg_grp_dut_big_mult_v3small_71_24_17_s_fu_309_ap_start  |   1|   0|    1|          0|
    |ap_reg_grp_dut_my_to_float_31_1_s_fu_315_ap_start           |   1|   0|    1|          0|
    |ap_return_preg                                              |  32|   0|   32|          0|
    |closepath_reg_1054                                          |   1|   0|    1|          0|
    |hls_sin_cos_K1_V_load_reg_1172                              |  23|   0|   23|          0|
    |hls_sin_cos_K2_V_load_reg_1177                              |  15|   0|   15|          0|
    |isNeg_reg_1120                                              |   1|   0|    1|          0|
    |loc_V_1_reg_1048                                            |  23|   0|   23|          0|
    |loc_V_reg_1041                                              |   8|   0|    8|          0|
    |p_0_reg_1207                                                |  31|   0|   31|          0|
    |p_Result_13_reg_1070                                        |  23|   0|   24|          1|
    |p_Result_i3_i_reg_1099                                      |  18|   0|   18|          0|
    |p_Result_s_reg_1036                                         |   1|   0|    1|          0|
    |p_Val2_18_reg_1094                                          |  49|   0|   49|          0|
    |p_Val2_23_reg_1104                                          |  31|   0|   31|          0|
    |p_Val2_30_reg_1080                                          |   3|   0|    3|          0|
    |p_Val2_31_reg_1126                                          |  31|   0|   31|          0|
    |p_Val2_3_reg_1131                                           |  17|   0|   17|          0|
    |p_Val2_s_reg_1167                                           |  30|   0|   30|          0|
    |r_V_1_reg_1212                                              |   9|   0|    9|          0|
    |r_V_reg_1192                                                |  32|   0|   32|          0|
    |sin_basis_reg_1141                                          |   1|   0|    1|          0|
    |tmp_13_reg_1065                                             |   4|   0|    4|          0|
    |tmp_16_reg_1109                                             |   1|   0|    1|          0|
    |tmp_1_reg_1162                                              |  17|   0|   17|          0|
    |tmp_3_reg_1182                                              |  24|   0|   24|          0|
    |tmp_4_reg_1187                                              |  16|   0|   16|          0|
    |tmp_s_reg_1136                                              |   9|   0|    9|          0|
    +------------------------------------------------------------+----+----+-----+-----------+
    |Total                                                       | 546|   0|  547|          1|
    +------------------------------------------------------------+----+----+-----+-----------+



================================================================
== Interface
================================================================
* Summary: 
+-----------+-----+-----+------------+------------------+--------------+
| RTL Ports | Dir | Bits|  Protocol  |   Source Object  |    C Type    |
+-----------+-----+-----+------------+------------------+--------------+
|ap_clk     |  in |    1| ap_ctrl_hs | dut_sinf_or_cosf | return value |
|ap_rst     |  in |    1| ap_ctrl_hs | dut_sinf_or_cosf | return value |
|ap_start   |  in |    1| ap_ctrl_hs | dut_sinf_or_cosf | return value |
|ap_done    | out |    1| ap_ctrl_hs | dut_sinf_or_cosf | return value |
|ap_idle    | out |    1| ap_ctrl_hs | dut_sinf_or_cosf | return value |
|ap_ready   | out |    1| ap_ctrl_hs | dut_sinf_or_cosf | return value |
|ap_return  | out |   32| ap_ctrl_hs | dut_sinf_or_cosf | return value |
|t_in       |  in |   32|   ap_none  |       t_in       |    scalar    |
+-----------+-----+-----+------------+------------------+--------------+

