

================================================================
== Vivado HLS Report for 'dut_knn'
================================================================
* Date:           Sun Dec 11 21:30:32 2016

* Version:        2016.2 (Build 1577090 on Thu Jun 02 16:59:10 MDT 2016)
* Project:        mfcc.prj
* Solution:       solution1
* Product family: zynq
* Target device:  xc7z020clg484-1


================================================================
== Performance Estimates
================================================================
+ Timing (ns): 
    * Summary: 
    +--------+-------+----------+------------+
    |  Clock | Target| Estimated| Uncertainty|
    +--------+-------+----------+------------+
    |ap_clk  |  10.00|      8.58|        1.25|
    +--------+-------+----------+------------+

+ Latency (clock cycles): 
    * Summary: 
    +--------+--------+--------+--------+---------+
    |     Latency     |     Interval    | Pipeline|
    |   min  |   max  |   min  |   max  |   Type  |
    +--------+--------+--------+--------+---------+
    |  276855|  277135|  276855|  277135|   none  |
    +--------+--------+--------+--------+---------+

    + Detail: 
        * Instance: 
        N/A

        * Loop: 
        +-----------------+--------+--------+-------------+-----------+-----------+------+----------+
        |                 |     Latency     |  Iteration  |  Initiation Interval  | Trip |          |
        |    Loop Name    |   min  |   max  |   Latency   |  achieved |   target  | Count| Pipelined|
        +-----------------+--------+--------+-------------+-----------+-----------+------+----------+
        |- Loop 1         |  124152|  124152|         8868|          -|          -|    14|    no    |
        | + Loop 1.1      |    8860|    8860|          443|          -|          -|    20|    no    |
        |  ++ Loop 1.1.1  |     441|     441|            9|          -|          -|    49|    no    |
        |- Loop 2         |   28040|   28040|         1402|          -|          -|    20|    no    |
        | + Loop 2.1      |    1400|    1400|          100|          -|          -|    14|    no    |
        |  ++ Loop 2.1.1  |      98|      98|            2|          -|          -|    49|    no    |
        |- Loop 3         |  124660|  124940| 6233 ~ 6247 |          -|          -|    20|    no    |
        | + Loop 3.1      |    6230|    6244|  445 ~ 446  |          -|          -|    14|    no    |
        |  ++ Loop 3.1.1  |     441|     441|            9|          -|          -|    49|    no    |
        +-----------------+--------+--------+-------------+-----------+-----------+------+----------+



================================================================
== Utilization Estimates
================================================================
* Summary: 
+-----------------+---------+-------+--------+-------+
|       Name      | BRAM_18K| DSP48E|   FF   |  LUT  |
+-----------------+---------+-------+--------+-------+
|DSP              |        -|      -|       -|      -|
|Expression       |        -|      -|       0|    969|
|FIFO             |        -|      -|       -|      -|
|Instance         |        -|      2|     951|   1737|
|Memory           |       70|      -|     192|     27|
|Multiplexer      |        -|      -|       -|    325|
|Register         |        -|      -|     787|      -|
+-----------------+---------+-------+--------+-------+
|Total            |       70|      2|    1930|   3058|
+-----------------+---------+-------+--------+-------+
|Available        |      280|    220|  106400|  53200|
+-----------------+---------+-------+--------+-------+
|Utilization (%)  |       25|   ~0  |       1|      5|
+-----------------+---------+-------+--------+-------+

+ Detail: 
    * Instance: 
    +--------------------------------------+----------------------------------+---------+-------+-----+-----+
    |               Instance               |              Module              | BRAM_18K| DSP48E|  FF | LUT |
    +--------------------------------------+----------------------------------+---------+-------+-----+-----+
    |dut_fcmp_32ns_32ns_1_1_U18            |dut_fcmp_32ns_32ns_1_1            |        0|      0|   66|  239|
    |dut_fsub_32ns_32ns_32_5_full_dsp_U15  |dut_fsub_32ns_32ns_32_5_full_dsp  |        0|      2|  205|  390|
    |dut_sitofp_32ns_32_6_U17              |dut_sitofp_32ns_32_6              |        0|      0|  340|  554|
    |dut_uitofp_32ns_32_6_U16              |dut_uitofp_32ns_32_6              |        0|      0|  340|  554|
    +--------------------------------------+----------------------------------+---------+-------+-----+-----+
    |Total                                 |                                  |        0|      2|  951| 1737|
    +--------------------------------------+----------------------------------+---------+-------+-----+-----+

    * DSP48: 
    N/A

    * Memory: 
    +---------------------+---------------------------+---------+----+----+-------+-----+------+-------------+
    |        Memory       |           Module          | BRAM_18K| FF | LUT| Words | Bits| Banks| W*Bits*Banks|
    +---------------------+---------------------------+---------+----+----+-------+-----+------+-------------+
    |distance_U           |dut_knn_distance           |        0|  64|   7|     14|   32|     1|          448|
    |min_distance_U       |dut_knn_min_distance       |        0|  64|  10|     20|   32|     1|          640|
    |group_U              |dut_knn_min_distance       |        0|  64|  10|     20|   32|     1|          640|
    |training_data2_U     |dut_knn_training_data2     |       32|   0|   0|  13734|   32|     1|       439488|
    |training_data_V_U    |dut_knn_training_data_V    |        6|   0|   0|  14000|    6|     1|        84000|
    |training_instance_U  |dut_knn_training_instance  |       32|   0|   0|  13720|   32|     1|       439040|
    +---------------------+---------------------------+---------+----+----+-------+-----+------+-------------+
    |Total                |                           |       70| 192|  27|  41508|  166|     6|       964256|
    +---------------------+---------------------------+---------+----+----+-------+-----+------+-------------+

    * FIFO: 
    N/A

    * Expression: 
    +-------------------------+----------+-------+---+-----+------------+------------+
    |      Variable Name      | Operation| DSP48E| FF| LUT | Bitwidth P0| Bitwidth P1|
    +-------------------------+----------+-------+---+-----+------------+------------+
    |distance_d0              |     +    |      0|  0|   32|          32|           1|
    |group_one_fu_1098_p2     |     +    |      0|  0|   32|          32|           1|
    |group_zero_fu_1092_p2    |     +    |      0|  0|   32|          32|           1|
    |i_1_fu_669_p2            |     +    |      0|  0|    5|           5|           1|
    |i_2_fu_572_p2            |     +    |      0|  0|    5|           5|           1|
    |i_3_fu_766_p2            |     +    |      0|  0|    5|           5|           1|
    |j_2_fu_539_p2            |     +    |      0|  0|    4|           4|           1|
    |j_3_fu_691_p2            |     +    |      0|  0|    4|           4|           1|
    |j_4_fu_806_p2            |     +    |      0|  0|    4|           4|           1|
    |k_2_fu_603_p2            |     +    |      0|  0|    6|           6|           1|
    |k_3_fu_703_p2            |     +    |      0|  0|    6|           6|           1|
    |k_4_fu_834_p2            |     +    |      0|  0|    6|           6|           1|
    |next_mul10_fu_709_p2     |     +    |      0|  0|   10|          10|          10|
    |next_mul11_fu_729_p2     |     +    |      0|  0|   10|          10|          10|
    |next_mul12_fu_855_p2     |     +    |      0|  0|   10|          10|          10|
    |next_mul1_fu_653_p2      |     +    |      0|  0|   14|          14|          10|
    |next_mul2_fu_556_p2      |     +    |      0|  0|   10|          10|           6|
    |next_mul3_fu_748_p2      |     +    |      0|  0|   14|          14|          10|
    |next_mul4_fu_527_p2      |     +    |      0|  0|    9|           9|           5|
    |next_mul5_fu_754_p2      |     +    |      0|  0|   10|          10|           6|
    |next_mul6_fu_521_p2      |     +    |      0|  0|   14|          14|          10|
    |next_mul7_fu_675_p2      |     +    |      0|  0|   14|          14|          10|
    |next_mul8_fu_515_p2      |     +    |      0|  0|   14|          14|          10|
    |next_mul9_fu_790_p2      |     +    |      0|  0|   14|          14|          10|
    |next_mul_fu_630_p2       |     +    |      0|  0|   10|          10|          10|
    |sh_assign_fu_988_p2      |     +    |      0|  0|    9|           8|           9|
    |tmp1_fu_609_p2           |     +    |      0|  0|   10|          10|          10|
    |tmp_22_fu_718_p2         |     +    |      0|  0|   14|          14|          14|
    |tmp_23_fu_619_p2         |     +    |      0|  0|   14|          14|          14|
    |tmp_26_fu_738_p2         |     +    |      0|  0|   14|          14|          14|
    |tmp_30_fu_639_p2         |     +    |      0|  0|   14|          14|          14|
    |tmp_31_fu_817_p2         |     +    |      0|  0|   14|          14|          10|
    |tmp_33_fu_844_p2         |     +    |      0|  0|   10|          10|          10|
    |tmp_34_fu_864_p2         |     +    |      0|  0|   14|          14|          14|
    |tmp_s_fu_545_p2          |     +    |      0|  0|   14|          14|          10|
    |p_Val2_i_i_fu_1074_p2    |     -    |      0|  0|   32|           1|          32|
    |tmp_93_i_i_fu_1002_p2    |     -    |      0|  0|    8|           7|           8|
    |tmp_6_fu_927_p2          |    and   |      0|  0|    1|           1|           1|
    |exitcond1_fu_533_p2      |   icmp   |      0|  0|    2|           4|           3|
    |exitcond3_fu_800_p2      |   icmp   |      0|  0|    2|           4|           3|
    |exitcond4_fu_760_p2      |   icmp   |      0|  0|    2|           5|           5|
    |exitcond5_fu_697_p2      |   icmp   |      0|  0|    3|           6|           5|
    |exitcond6_fu_685_p2      |   icmp   |      0|  0|    2|           4|           3|
    |exitcond7_fu_663_p2      |   icmp   |      0|  0|    2|           5|           5|
    |exitcond8_fu_597_p2      |   icmp   |      0|  0|    3|           6|           5|
    |exitcond9_fu_566_p2      |   icmp   |      0|  0|    2|           5|           5|
    |exitcond_fu_828_p2       |   icmp   |      0|  0|    3|           6|           5|
    |notlhs_fu_909_p2         |   icmp   |      0|  0|    3|           8|           2|
    |notrhs_fu_915_p2         |   icmp   |      0|  0|    8|          23|           1|
    |slt_fu_778_p2            |   icmp   |      0|  0|   11|          32|          32|
    |tmp_28_fu_1086_p2        |   icmp   |      0|  0|   11|          32|           1|
    |tmp_32_fu_940_p2         |   icmp   |      0|  0|   11|          32|          32|
    |tmp_95_i_i_fu_1032_p2    |   lshr   |      0|  0|   63|          24|          24|
    |tmp_4_fu_921_p2          |    or    |      0|  0|    1|           1|           1|
    |group_d0                 |  select  |      0|  0|   32|           1|          32|
    |group_one_1_fu_1112_p3   |  select  |      0|  0|   32|           1|          32|
    |group_zero_1_fu_1104_p3  |  select  |      0|  0|   32|           1|          32|
    |p_Val2_35_fu_1066_p3     |  select  |      0|  0|   32|           1|          32|
    |sh_assign_1_fu_1012_p3   |  select  |      0|  0|    9|           1|           9|
    |tmp_97_i_i_fu_1038_p2    |    shl   |      0|  0|  239|          78|          78|
    |rev_fu_784_p2            |    xor   |      0|  0|    2|           1|           2|
    +-------------------------+----------+-------+---+-----+------------+------------+
    |Total                    |          |      0|  0|  969|         710|         638|
    +-------------------------+----------+-------+---+-----+------------+------------+

    * Multiplexer: 
    +----------------------------+----+-----------+-----+-----------+
    |            Name            | LUT| Input Size| Bits| Total Bits|
    +----------------------------+----+-----------+-----+-----------+
    |ap_NS_fsm                   |  66|         38|    1|         38|
    |ap_return                   |   1|          2|    1|          2|
    |i1_reg_318                  |   5|          2|    5|         10|
    |i4_reg_421                  |   5|          2|    5|         10|
    |i_reg_273                   |   5|          2|    5|         10|
    |j2_reg_341                  |   4|          2|    4|          8|
    |j5_reg_456                  |   4|          2|    4|          8|
    |j_reg_226                   |   4|          2|    4|          8|
    |k3_reg_364                  |   6|          2|    6|         12|
    |k6_reg_478                  |   6|          2|    6|         12|
    |k_reg_296                   |   6|          2|    6|         12|
    |phi_mul10_reg_386           |  10|          2|   10|         20|
    |phi_mul11_reg_467           |  14|          2|   14|         28|
    |phi_mul12_reg_489           |  10|          2|   10|         20|
    |phi_mul1_reg_284            |  10|          2|   10|         20|
    |phi_mul2_reg_329            |  14|          2|   14|         28|
    |phi_mul3_reg_237            |   9|          2|    9|         18|
    |phi_mul4_reg_432            |  10|          2|   10|         20|
    |phi_mul5_reg_249            |  14|          2|   14|         28|
    |phi_mul6_reg_444            |  14|          2|   14|         28|
    |phi_mul7_reg_261            |  14|          2|   14|         28|
    |phi_mul8_reg_352            |  14|          2|   14|         28|
    |phi_mul9_reg_375            |  10|          2|   10|         20|
    |phi_mul_reg_307             |  10|          2|   10|         20|
    |training_data2_address0     |  14|          5|   14|         70|
    |training_data2_d0           |  32|          3|   32|         96|
    |training_instance_address0  |  14|          3|   14|         42|
    +----------------------------+----+-----------+-----+-----------+
    |Total                       | 325|         95|  260|        644|
    +----------------------------+----+-----------+-----+-----------+

    * Register: 
    +---------------------------------+----+----+-----+-----------+
    |               Name              | FF | LUT| Bits| Const Bits|
    +---------------------------------+----+----+-----+-----------+
    |ap_CS_fsm                        |  37|   0|   37|          0|
    |ap_return_preg                   |   1|   0|    1|          0|
    |distance_addr_reg_1329           |   4|   0|    4|          0|
    |group_addr_reg_1301              |   5|   0|    5|          0|
    |group_one_s_reg_409              |  32|   0|   32|          0|
    |group_zero_s_reg_397             |  32|   0|   32|          0|
    |i1_cast_cast_reg_1219            |   5|   0|   10|          5|
    |i1_reg_318                       |   5|   0|    5|          0|
    |i4_reg_421                       |   5|   0|    5|          0|
    |i_1_reg_1227                     |   5|   0|    5|          0|
    |i_2_reg_1161                     |   5|   0|    5|          0|
    |i_3_reg_1291                     |   5|   0|    5|          0|
    |i_cast_cast_reg_1153             |   5|   0|   10|          5|
    |i_reg_273                        |   5|   0|    5|          0|
    |input_load_reg_1357              |  32|   0|   32|          0|
    |j2_cast_reg_1237                 |   4|   0|   10|          6|
    |j2_reg_341                       |   4|   0|    4|          0|
    |j5_cast6_reg_1311                |   4|   0|   10|          6|
    |j5_reg_456                       |   4|   0|    4|          0|
    |j_2_reg_1138                     |   4|   0|    4|          0|
    |j_3_reg_1245                     |   4|   0|    4|          0|
    |j_4_reg_1319                     |   4|   0|    4|          0|
    |j_reg_226                        |   4|   0|    4|          0|
    |k3_reg_364                       |   6|   0|    6|          0|
    |k6_reg_478                       |   6|   0|    6|          0|
    |k_2_reg_1174                     |   6|   0|    6|          0|
    |k_3_reg_1253                     |   6|   0|    6|          0|
    |k_4_reg_1337                     |   6|   0|    6|          0|
    |k_reg_296                        |   6|   0|    6|          0|
    |min_distance_addr_reg_1296       |   5|   0|    5|          0|
    |next_mul10_reg_1258              |  10|   0|   10|          0|
    |next_mul11_reg_1268              |  10|   0|   10|          0|
    |next_mul12_reg_1347              |  10|   0|   10|          0|
    |next_mul1_reg_1214               |  14|   0|   14|          0|
    |next_mul2_reg_1148               |  10|   0|   10|          0|
    |next_mul3_reg_1278               |  14|   0|   14|          0|
    |next_mul4_reg_1130               |   9|   0|    9|          0|
    |next_mul5_reg_1283               |  10|   0|   10|          0|
    |next_mul6_reg_1125               |  14|   0|   14|          0|
    |next_mul7_reg_1232               |  14|   0|   14|          0|
    |next_mul8_reg_1120               |  14|   0|   14|          0|
    |next_mul9_reg_1306               |  14|   0|   14|          0|
    |next_mul_reg_1184                |  10|   0|   10|          0|
    |p_Result_22_reg_1380             |   1|   0|    1|          0|
    |p_Val2_35_reg_1385               |  32|   0|   32|          0|
    |p_x_assign_reg_1367              |  32|   0|   32|          0|
    |phi_mul10_reg_386                |  10|   0|   10|          0|
    |phi_mul11_reg_467                |  14|   0|   14|          0|
    |phi_mul12_reg_489                |  10|   0|   10|          0|
    |phi_mul1_reg_284                 |  10|   0|   10|          0|
    |phi_mul2_reg_329                 |  14|   0|   14|          0|
    |phi_mul3_reg_237                 |   9|   0|    9|          0|
    |phi_mul4_reg_432                 |  10|   0|   10|          0|
    |phi_mul5_reg_249                 |  14|   0|   14|          0|
    |phi_mul6_reg_444                 |  14|   0|   14|          0|
    |phi_mul7_reg_261                 |  14|   0|   14|          0|
    |phi_mul8_reg_352                 |  14|   0|   14|          0|
    |phi_mul9_reg_375                 |  10|   0|   10|          0|
    |phi_mul_reg_307                  |  10|   0|   10|          0|
    |tmp_19_reg_1209                  |  32|   0|   32|          0|
    |tmp_25_reg_1204                  |  32|   0|   32|          0|
    |tmp_26_reg_1273                  |  14|   0|   14|          0|
    |tmp_30_reg_1189                  |  14|   0|   14|          0|
    |tmp_32_reg_1376                  |   1|   0|    1|          0|
    |tmp_6_reg_1372                   |   1|   0|    1|          0|
    |training_data2_addr_3_reg_1324   |  14|   0|   14|          0|
    |training_data2_addr_reg_1143     |  14|   0|   14|          0|
    |training_data_V_load_reg_1194    |   6|   0|    6|          0|
    |training_instance_load_reg_1362  |  32|   0|   32|          0|
    +---------------------------------+----+----+-----+-----------+
    |Total                            | 787|   0|  809|         22|
    +---------------------------------+----+----+-----+-----------+



================================================================
== Interface
================================================================
* Summary: 
+------------------+-----+-----+------------+--------------+--------------+
|     RTL Ports    | Dir | Bits|  Protocol  | Source Object|    C Type    |
+------------------+-----+-----+------------+--------------+--------------+
|ap_clk            |  in |    1| ap_ctrl_hs |    dut_knn   | return value |
|ap_rst            |  in |    1| ap_ctrl_hs |    dut_knn   | return value |
|ap_start          |  in |    1| ap_ctrl_hs |    dut_knn   | return value |
|ap_done           | out |    1| ap_ctrl_hs |    dut_knn   | return value |
|ap_idle           | out |    1| ap_ctrl_hs |    dut_knn   | return value |
|ap_ready          | out |    1| ap_ctrl_hs |    dut_knn   | return value |
|ap_return         | out |    1| ap_ctrl_hs |    dut_knn   | return value |
|input_r_address0  | out |   10|  ap_memory |    input_r   |     array    |
|input_r_ce0       | out |    1|  ap_memory |    input_r   |     array    |
|input_r_q0        |  in |   32|  ap_memory |    input_r   |     array    |
+------------------+-----+-----+------------+--------------+--------------+

